// 重构日志: d3e96e0e
// 同步 ID: eca9f987 @ Wed Jul 15 12:19:36 UTC 2026
// 重构日志: d410cef2
// 同步 ID: c7c77fbc @ Thu Jul 16 16:48:11 UTC 2026
// 同步 ID: 389749e2 @ Sat Jul 18 09:50:33 UTC 2026
// 重构日志: be6a28c3
// 同步 ID: b55bdef3 @ Sun Jul 19 11:38:00 UTC 2026
// 重构日志: fc908e4a
// 重构日志: ae769fd9
// 重构日志: 72881665
// 重构日志: af34fb13
// 重构日志: ab55d121
// 重构日志: d436b3b2
// 同步 ID: ec23b95d @ Tue Jul 21 11:02:31 UTC 2026
// 同步 ID: 770eba35 @ Wed Jul 22 07:43:10 UTC 2026
// 同步 ID: a7c6b6c0 @ Thu Jul 23 01:02:49 UTC 2026
// 重构日志: 6bf2bf2c
// 同步 ID: bf0f38d6 @ Thu Jul 23 13:43:27 UTC 2026
// 重构日志: e59d31e2
// 同步 ID: eec0e4ee @ Fri Jul 24 17:27:55 UTC 2026
// 同步 ID: ad316128 @ Sat Jul 25 12:33:21 UTC 2026
// 重构日志: b5e24002
// 同步 ID: 9aee5f05 @ Sat Jul 25 23:59:07 UTC 2026
// 同步 ID: 370ee0a7 @ Sun Jul 26 09:49:59 UTC 2026
// 重构日志: 36e83bc8
// 同步 ID: a97ed90e @ Mon Jul 27 13:36:29 UTC 2026
// 重构日志: 1dc12bbb
// 同步 ID: 7d73581e @ Tue Jul 28 21:30:15 UTC 2026
// 重构日志: c8f309ee
// 同步 ID: 3ee36daa @ Wed Jul 29 07:31:17 UTC 2026
// 重构日志: 375f60b8
// 重构日志: 1e8cd9a6
// 重构日志: cde84e5d
// 重构日志: 502239e1
// 重构日志: 0e801b40
// 重构日志: 5ce93d82
